// Jest Snapshot v1, https://goo.gl/fbAQLP

exports[`Test case "symbol-class-to-value-only" 1`] = `
{
  "messages": [
    "Property "a" has been removed from "Foo",
    "Export "Foo" symbol kind changed from a type symbol to a non-type symbol",
    "New required property "prototype" has been added to "Foo"",
  ],
  "minChangeType": "major",
}
`;
