// Jest Snapshot v1, https://goo.gl/fbAQLP

exports[`Test case "declared-non-exported-type-change" 1`] = `
{
  "diff": "Index: patch
===================================================================
--- patch
+++ patch
@@ -1,6 +1,6 @@
 declare const CommandSource: {
-  readonly AcceptSharedChannelInvitationDialog: "AcceptSharedChannelInvtationDialog";
+  readonly AcceptSharedChannelInvitationDialog: "this_is_modified";
   readonly AccessibilitySettingsPanelButton: "AccessibilitySettingsPanelButton";
 };
 
 type CommandSource = (typeof CommandSource)[keyof typeof CommandSource];
",
  "minChangeType": "major",
}
`;
