// Jest Snapshot v1, https://goo.gl/fbAQLP

exports[`Test case "added-symbol" 1`] = `
{
  "minChangeType": "minor",
}
`;

exports[`Test case "namespace-to-object-type" 1`] = `
{
  "minChangeType": "major",
}
`;

exports[`Test case "removed-symbol" 1`] = `
{
  "minChangeType": "major",
}
`;

exports[`Test case "symbol-add-export-type" 1`] = `
{
  "minChangeType": "none",
}
`;

exports[`Test case "symbol-add-export-value" 1`] = `
{
  "minChangeType": "none",
}
`;

exports[`Test case "symbol-class-to-interface" 1`] = `
{
  "minChangeType": "none",
}
`;

exports[`Test case "symbol-class-to-type" 1`] = `
{
  "minChangeType": "none",
}
`;

exports[`Test case "symbol-class-to-value-only" 1`] = `
{
  "minChangeType": "major",
}
`;

exports[`Test case "symbol-interface-to-type" 1`] = `
{
  "minChangeType": "none",
}
`;
